// Jest Snapshot v1, https://goo.gl/fbAQLP

exports[`Should render testCard list 1`] = `
<View
  style={
    {
      "alignItems": "center",
      "width": "100%",
    }
  }
>
  <View
    style={
      {
        "alignItems": "center",
        "backgroundColor": undefined,
        "borderRadius": 10,
        "elevation": 5,
        "flexDirection": "row",
        "height": 71,
        "justifyContent": "space-between",
        "marginVertical": 10,
        "paddingHorizontal": 15,
        "shadowOffset": {
          "height": 20,
          "width": 0,
        },
        "shadowOpacity": 0.1,
        "shadowRadius": 10,
        "width": "90%",
      }
    }
  >
    <View>
      <Text
        style={
          {
            "color": undefined,
            "fontSize": 16,
            "fontWeight": "600",
          }
        }
      >
        Star
      </Text>
      <View
        style={
          {
            "justifyContent": "space-between",
            "marginTop": 6,
          }
        }
      >
        <View
          style={
            {
              "flexDirection": "row",
            }
          }
        >
          <Text
            allowFontScaling={false}
            selectable={false}
            style={
              [
                {
                  "color": "#6B9DE9",
                  "fontSize": 10,
                },
                {
                  "marginLeft": 2,
                  "marginRight": 5,
                  "marginTop": 3,
                },
                {
                  "fontFamily": "Fontisto",
                  "fontStyle": "normal",
                  "fontWeight": "normal",
                },
                {},
              ]
            }
          >
            
          </Text>
          <Text
            style={
              {
                "color": undefined,
                "fontFamily": "Montserrat-Regular",
                "fontSize": 13,
              }
            }
          >
            JS
          </Text>
        </View>
        <View
          style={
            {
              "flexDirection": "row",
            }
          }
        >
          <Text
            allowFontScaling={false}
            selectable={false}
            style={
              [
                {
                  "color": "#6B9DE9",
                  "fontSize": 13,
                },
                {
                  "marginRight": 5,
                  "marginTop": 2,
                },
                {
                  "fontFamily": "Material Design Icons",
                  "fontStyle": "normal",
                  "fontWeight": "normal",
                },
                {},
              ]
            }
          >
            󱔢
          </Text>
          <Text
            style={
              {
                "color": undefined,
                "fontFamily": "Montserrat-Regular",
                "fontSize": 13,
              }
            }
          >
            difficulty
          </Text>
        </View>
      </View>
    </View>
    <Text
      style={
        {
          "color": undefined,
          "fontSize": 14,
          "fontWeight": "500",
        }
      }
    >
      Questions: 
      1
    </Text>
    <View
      style={
        {
          "alignItems": "center",
          "justifyContent": "center",
        }
      }
    >
      <View
        accessible={true}
        collapsable={false}
        focusable={true}
        onClick={[Function]}
        onResponderGrant={[Function]}
        onResponderMove={[Function]}
        onResponderRelease={[Function]}
        onResponderTerminate={[Function]}
        onResponderTerminationRequest={[Function]}
        onStartShouldSetResponder={[Function]}
        style={
          {
            "alignItems": "center",
            "backgroundColor": "#2D3E6B",
            "borderRadius": 20,
            "height": 38,
            "justifyContent": "center",
            "opacity": 1,
            "paddingHorizontal": 14,
          }
        }
      >
        <Text
          style={
            {
              "color": "#FFFFFF",
              "fontFamily": "Montserrat-Regular",
              "fontSize": 14,
            }
          }
        >
          Start
        </Text>
      </View>
    </View>
  </View>
</View>
`;
